[0.013s] Invoking command in '/home/tahnt/mech_devel/f1t_mech_ws/build/img_proc': /usr/bin/cmake --build /home/tahnt/mech_devel/f1t_mech_ws/build/img_proc -- -j4 -l4
[0.037s] -- Found ament_cmake: 1.1.6 (/opt/ros/galactic/share/ament_cmake/cmake)
[0.056s] -- Using PYTHON_EXECUTABLE: /usr/bin/python3
[0.103s] -- Found rclcpp: 9.2.2 (/opt/ros/galactic/share/rclcpp/cmake)
[0.131s] -- Using all available rosidl_typesupport_c: rosidl_typesupport_fastrtps_c;rosidl_typesupport_introspection_c
[0.133s] -- Found rosidl_adapter: 2.2.3 (/opt/ros/galactic/share/rosidl_adapter/cmake)
[0.226s] -- Using all available rosidl_typesupport_cpp: rosidl_typesupport_fastrtps_cpp;rosidl_typesupport_introspection_cpp
[0.268s] -- Found rmw_implementation_cmake: 3.3.1 (/opt/ros/galactic/share/rmw_implementation_cmake/cmake)
[0.269s] -- Found rmw_cyclonedds_cpp: 0.22.6 (/opt/ros/galactic/share/rmw_cyclonedds_cpp/cmake)
[0.283s] -- Using RMW implementation 'rmw_cyclonedds_cpp' as default
[0.383s] -- Found sensor_msgs: 2.2.4 (/opt/ros/galactic/share/sensor_msgs/cmake)
[0.462s] -- Found cv_bridge: 3.1.3 (/opt/ros/galactic/share/cv_bridge/cmake)
[0.483s] -- Found rosidl_default_generators: 1.1.1 (/opt/ros/galactic/share/rosidl_default_generators/cmake)
[0.517s] -- Found PythonInterp: /usr/bin/python3 (found version "3.8.10") 
[0.604s] Error parsing '/home/tahnt/mech_devel/f1t_mech_ws/src/img_proc/package.xml':
[0.693s] Traceback (most recent call last):
[0.693s]   File "/usr/lib/python3/dist-packages/catkin_pkg/package.py", line 610, in parse_package_string
[0.694s]     root = dom.parseString(data)
[0.694s]   File "/usr/lib/python3.8/xml/dom/minidom.py", line 1969, in parseString
[0.694s]     return expatbuilder.parseString(string)
[0.694s]   File "/usr/lib/python3.8/xml/dom/expatbuilder.py", line 925, in parseString
[0.694s]     return builder.parseString(string)
[0.694s]   File "/usr/lib/python3.8/xml/dom/expatbuilder.py", line 223, in parseString
[0.694s]     parser.Parse(string, True)
[0.694s] xml.parsers.expat.ExpatError: mismatched tag: line 15, column 47
[0.694s] 
[0.694s] During handling of the above exception, another exception occurred:
[0.694s] 
[0.694s] Traceback (most recent call last):
[0.694s]   File "/opt/ros/galactic/share/ament_cmake_core/cmake/core/package_xml_2_cmake.py", line 151, in <module>
[0.694s]     main()
[0.694s]   File "/opt/ros/galactic/share/ament_cmake_core/cmake/core/package_xml_2_cmake.py", line 54, in main
[0.694s]     raise e
[0.694s]   File "/opt/ros/galactic/share/ament_cmake_core/cmake/core/package_xml_2_cmake.py", line 50, in main
[0.694s]     package = parse_package_string(
[0.694s]   File "/usr/lib/python3/dist-packages/catkin_pkg/package.py", line 612, in parse_package_string
[0.694s]     raise InvalidPackage('The manifest contains invalid XML:\n%s' % ex, filename)
[0.694s] catkin_pkg.package.InvalidPackage: Error(s) in package '/home/tahnt/mech_devel/f1t_mech_ws/src/img_proc/package.xml':
[0.694s] The manifest contains invalid XML:
[0.694s] mismatched tag: line 15, column 47
[0.713s] CMake Error at /opt/ros/galactic/share/ament_cmake_core/cmake/core/ament_package_xml.cmake:94 (message):
[0.713s]   execute_process(/usr/bin/python3
[0.713s]   /opt/ros/galactic/share/ament_cmake_core/cmake/core/package_xml_2_cmake.py
[0.713s]   /home/tahnt/mech_devel/f1t_mech_ws/src/img_proc/package.xml
[0.713s]   /home/tahnt/mech_devel/f1t_mech_ws/build/img_proc/ament_cmake_core/package.cmake)
[0.713s]   returned error code 1
[0.713s] Call Stack (most recent call first):
[0.713s]   /opt/ros/galactic/share/ament_cmake_core/cmake/core/ament_package_xml.cmake:49 (_ament_package_xml)
[0.713s]   /opt/ros/galactic/share/rosidl_cmake/cmake/rosidl_generate_interfaces.cmake:226 (ament_package_xml)
[0.713s]   CMakeLists.txt:16 (rosidl_generate_interfaces)
[0.713s] 
[0.713s] 
[0.714s] -- Configuring incomplete, errors occurred!
[0.715s] See also "/home/tahnt/mech_devel/f1t_mech_ws/build/img_proc/CMakeFiles/CMakeOutput.log".
[0.715s] See also "/home/tahnt/mech_devel/f1t_mech_ws/build/img_proc/CMakeFiles/CMakeError.log".
[0.721s] make: *** [Makefile:266: cmake_check_build_system] Error 1
[0.723s] Invoked command in '/home/tahnt/mech_devel/f1t_mech_ws/build/img_proc' returned '2': /usr/bin/cmake --build /home/tahnt/mech_devel/f1t_mech_ws/build/img_proc -- -j4 -l4
